<hr>
<p>title: Linux文件系统:ext2<br>date:<br>tags: linux<br>categories: linux</p>
<hr>
<h3 id="linux基础-文件系统"><a href="#linux基础-文件系统" class="headerlink" title="linux基础:文件系统"></a>linux基础:文件系统</h3><p>文件系统有几个比较重要的组成：<br>super block：记录文件系统的总体情况，包括inode/block的总量，使用量、剩余量以及文件系统的格式和更多的信息<br>inode：记录文件系统的权限、属性和对应的block号，一个文件对应一个block<br>block：实际记录档案内容，若档案太大则会占用多个block</p>
<h3 id="ext2结构"><a href="#ext2结构" class="headerlink" title="ext2结构"></a>ext2结构</h3><p>由于indoe和block的数量实际很多，如果每次都遍历全部inode和block的话效率会比较低，因此ext2实际上分成多个block group，结合硬盘结构，如下图：</p>
<p>{% asset_img 2.jpg %}</p>
<h3 id="各部分的含义"><a href="#各部分的含义" class="headerlink" title="各部分的含义"></a>各部分的含义</h3><h4 id="1、-super-block"><a href="#1、-super-block" class="headerlink" title="1、 super block"></a>1、 super block</h4><ul>
<li>记录文件系统的相关信息<br>1、block与inode总量<br>2、已经使用和未使用的inode/block数量<br>3、block和inode的大小（block为1,2,4K;inode为128bytes或256BYTES）<br>4、文件系统的挂在时间、最近一次写入时间、最近一次金叉磁盘（fsck）时间等文件系统的相关信息<br>5、一个valid bit数值，若此档案被挂在则为0，否则为1</li>
</ul>
<p>一般superblock的大小为1024bytes，相关的信息使用<strong>dumpe2fs</strong>指令查看<br>另外，每一个block group都可能有一个super block，可能有也可能没有，除了第一个block group其他都是对它的备份。 </p>
<h4 id="2、file-system-description"><a href="#2、file-system-description" class="headerlink" title="2、file system description"></a>2、file system description</h4><p>-描述每个block group的开始和结束block号码，以及说明每个部分（super block、block bitmap、inode bitmap等）介于哪个block之间</p>
<h4 id="3、block-bitmap"><a href="#3、block-bitmap" class="headerlink" title="3、block bitmap"></a>3、block bitmap</h4><p>-记录哪些block已经使用，哪些block未使用，在创建和删除文件的时候用到</p>
<h4 id="4、inode-bitmap"><a href="#4、inode-bitmap" class="headerlink" title="4、inode bitmap"></a>4、inode bitmap</h4><p>-记录哪些indoe已经使用，哪些inode未使用，在创建和删除文件的时候用到</p>
<h4 id="5、data-block"><a href="#5、data-block" class="headerlink" title="5、data block"></a>5、data block</h4><ul>
<li>实际用来使用的block的集合，block存放文件内容的地方，ext2支持的block大小为1k,2k,4k</li>
</ul>
<h5 id="block大小和文件大小的关系"><a href="#block大小和文件大小的关系" class="headerlink" title="block大小和文件大小的关系"></a>block大小和文件大小的关系</h5><table>
<thead>
<tr>
<th>block大小</th>
<th>1KB</th>
<th>2KB</th>
<th>4KB</th>
</tr>
</thead>
<tbody>
<tr>
<td>单个文件最大</td>
<td>16GB</td>
<td>256GB</td>
<td>2TB</td>
</tr>
<tr>
<td>文件系统最大</td>
<td>2TB</td>
<td>8TB</td>
<td>16TB</td>
</tr>
</tbody>
</table>
<h5 id="block的限制"><a href="#block的限制" class="headerlink" title="block的限制"></a>block的限制</h5><p>1、blcok的大小和数量在格式化后就不能改变（只能重新格式化）<br>2、一个block只能存一个文件，一个文件可以有多个block，单个block太大可能会造成浪费</p>
<h4 id="6、inode-table"><a href="#6、inode-table" class="headerlink" title="6、inode table"></a>6、inode table</h4><ul>
<li>实际用来的使用的inode集合，inode记录文件属性以及内容存放的实际block<br>1、文件的权限<br>2、文件的拥有者和属组<br>3、文件的大小<br>4、文件的访问时间atime、权限改变时间ctime和修改时间mtime<br>5、文件的特殊属性如suid<br>6、文件真正内容的指向pointer</li>
</ul>
<h4 id="indoe注意的地方"><a href="#indoe注意的地方" class="headerlink" title="indoe注意的地方"></a>indoe注意的地方</h4><p>ext2的block为128bytes（新的ext4和xfs可以到256byets)<br>每个文件一个inode<br>文件系统的文件数量和inode数量有关<br>读取文件时先找到inode，并分析inode里面记录的权限和使用者的权限是否符合。</p>
<p>设想一个文件100M,block 1k,一个文件有102400个block即一个indoe要指向102400个block，记录一block 4bytes,不是不是够呢？实际上会采用直接和间接结合的方式来处理，间接指的是借用block来记录block号<br>12个直接，1个间接，1个双间接，1个三间接完成这项任务</p>
<p>{% asset_img 3.jpg %}</p>
<h5 id="super-block的信息"><a href="#super-block的信息" class="headerlink" title="super block的信息"></a>super block的信息</h5><pre><code>[root@~]#dumpe2fs -h /dev/xvda1    #dumpe2fs仅查看super block的信息
dumpe2fs 1.41.12 (17-May-2010)
Filesystem volume name:   &lt;none&gt;    #文件系统的名称，不一样有
Last mounted on:          /         #上一次挂在目录的位置
Filesystem UUID:          3d083579-f5d9-4df5-9347-8d27925805d4    #UUID
Filesystem magic number:  0xEF53
Filesystem revision #:    1 (dynamic)
Filesystem features:      has_journal ext_attr resize_inode dir_index filetype needs_recovery extent flex_bg sparse_super large_file huge_file uninit_bg dir_nlink extra_isize
Filesystem flags:         signed_directory_hash 
Default mount options:    user_xattr acl    #挂在时候默认加上的参数
Filesystem state:         clean
Errors behavior:          Continue
Filesystem OS type:       Linux
Inode count:              2621440    #inode总数
Block count:              10485504    #block总数
Reserved block count:     524275    #保留block
Free blocks:              7442337    #空闲block
Free inodes:              2302345    #空闲indoe
First block:              0
Block size:               4096        #block大小4k
Fragment size:            4096
Reserved GDT blocks:      1021
Blocks per group:         32768
Fragments per group:      32768
Inodes per group:         8192
Inode blocks per group:   512
Flex block group size:    16
Filesystem created:       Thu Feb 23 07:28:11 2017    #文件系统创建时间
Last mount time:          Sun Jun 11 16:05:11 2017    #挂载时间
Last write time:          Sat Apr 15 01:10:06 2017    #写时间
Mount count:              15
Maximum mount count:      -1
Last checked:             Thu Feb 23 07:28:11 2017    #最后一次检查
Check interval:           0 (&lt;none&gt;)
Lifetime writes:          28 GB
Reserved blocks uid:      0 (user root)
Reserved blocks gid:      0 (group root)
First inode:              11
Inode size:              256        #inode大小
Required extra isize:     28
Desired extra isize:      28
Journal inode:            8
First orphan inode:       2108484
Default directory hash:   half_md4
Directory Hash Seed:      76cfbecf-5ff1-41c6-9fa1-31db7a3073e4
Journal backup:           inode blocks
Journal features:         journal_incompat_revoke
Journal size:             128M        #journal日志信息大小
Journal length:           32768
Journal sequence:         0x00102c10
Journal start:            23319
</code></pre><h4 id="group-1"><a href="#group-1" class="headerlink" title="group 1"></a>group 1</h4><pre><code>Group 0: (Blocks 0-32767) [ITABLE_ZEROED]
  Checksum 0x3305, unused inodes 2638
  Primary superblock at 0, Group descriptors at 1-3
  Reserved GDT blocks at 4-1024
  Block bitmap at 1025 (+1025), Inode bitmap at 1041 (+1041)
  Inode table at 1057-1568 (+1057)
  16448 free blocks, 2656 free inodes, 920 directories, 2638 unused inodes
  Free blocks: 16271, 16321-32767
  Free inodes: 4953-4968, 5553-8192
</code></pre>